Archive member included to satisfy reference by file (symbol)

C:/ST/STM32CubeIDE_1.16.1/STM32CubeIDE/plugins/com.st.stm32cube.ide.mcu.externaltools.gnu-tools-for-stm32.12.3.rel1.win32_1.0.200.202406191623/tools/bin/../lib/gcc/arm-none-eabi/12.3.1/../../../../arm-none-eabi/lib/thumb/v7-m/nofp\libc_nano.a(libc_a-exit.o)
                              C:/ST/STM32CubeIDE_1.16.1/STM32CubeIDE/plugins/com.st.stm32cube.ide.mcu.externaltools.gnu-tools-for-stm32.12.3.rel1.win32_1.0.200.202406191623/tools/bin/../lib/gcc/arm-none-eabi/12.3.1/../../../../arm-none-eabi/lib/thumb/v7-m/nofp/crt0.o (exit)
C:/ST/STM32CubeIDE_1.16.1/STM32CubeIDE/plugins/com.st.stm32cube.ide.mcu.externaltools.gnu-tools-for-stm32.12.3.rel1.win32_1.0.200.202406191623/tools/bin/../lib/gcc/arm-none-eabi/12.3.1/../../../../arm-none-eabi/lib/thumb/v7-m/nofp\libc_nano.a(libc_a-findfp.o)
                              C:/ST/STM32CubeIDE_1.16.1/STM32CubeIDE/plugins/com.st.stm32cube.ide.mcu.externaltools.gnu-tools-for-stm32.12.3.rel1.win32_1.0.200.202406191623/tools/bin/../lib/gcc/arm-none-eabi/12.3.1/../../../../arm-none-eabi/lib/thumb/v7-m/nofp\libc_nano.a(libc_a-exit.o) (__stdio_exit_handler)
C:/ST/STM32CubeIDE_1.16.1/STM32CubeIDE/plugins/com.st.stm32cube.ide.mcu.externaltools.gnu-tools-for-stm32.12.3.rel1.win32_1.0.200.202406191623/tools/bin/../lib/gcc/arm-none-eabi/12.3.1/../../../../arm-none-eabi/lib/thumb/v7-m/nofp\libc_nano.a(libc_a-fwalk.o)
                              C:/ST/STM32CubeIDE_1.16.1/STM32CubeIDE/plugins/com.st.stm32cube.ide.mcu.externaltools.gnu-tools-for-stm32.12.3.rel1.win32_1.0.200.202406191623/tools/bin/../lib/gcc/arm-none-eabi/12.3.1/../../../../arm-none-eabi/lib/thumb/v7-m/nofp\libc_nano.a(libc_a-findfp.o) (_fwalk_sglue)
C:/ST/STM32CubeIDE_1.16.1/STM32CubeIDE/plugins/com.st.stm32cube.ide.mcu.externaltools.gnu-tools-for-stm32.12.3.rel1.win32_1.0.200.202406191623/tools/bin/../lib/gcc/arm-none-eabi/12.3.1/../../../../arm-none-eabi/lib/thumb/v7-m/nofp\libc_nano.a(libc_a-stdio.o)
                              C:/ST/STM32CubeIDE_1.16.1/STM32CubeIDE/plugins/com.st.stm32cube.ide.mcu.externaltools.gnu-tools-for-stm32.12.3.rel1.win32_1.0.200.202406191623/tools/bin/../lib/gcc/arm-none-eabi/12.3.1/../../../../arm-none-eabi/lib/thumb/v7-m/nofp\libc_nano.a(libc_a-findfp.o) (__sread)
C:/ST/STM32CubeIDE_1.16.1/STM32CubeIDE/plugins/com.st.stm32cube.ide.mcu.externaltools.gnu-tools-for-stm32.12.3.rel1.win32_1.0.200.202406191623/tools/bin/../lib/gcc/arm-none-eabi/12.3.1/../../../../arm-none-eabi/lib/thumb/v7-m/nofp\libc_nano.a(libc_a-memset.o)
                              C:/ST/STM32CubeIDE_1.16.1/STM32CubeIDE/plugins/com.st.stm32cube.ide.mcu.externaltools.gnu-tools-for-stm32.12.3.rel1.win32_1.0.200.202406191623/tools/bin/../lib/gcc/arm-none-eabi/12.3.1/../../../../arm-none-eabi/lib/thumb/v7-m/nofp/crt0.o (memset)
C:/ST/STM32CubeIDE_1.16.1/STM32CubeIDE/plugins/com.st.stm32cube.ide.mcu.externaltools.gnu-tools-for-stm32.12.3.rel1.win32_1.0.200.202406191623/tools/bin/../lib/gcc/arm-none-eabi/12.3.1/../../../../arm-none-eabi/lib/thumb/v7-m/nofp\libc_nano.a(libc_a-closer.o)
                              C:/ST/STM32CubeIDE_1.16.1/STM32CubeIDE/plugins/com.st.stm32cube.ide.mcu.externaltools.gnu-tools-for-stm32.12.3.rel1.win32_1.0.200.202406191623/tools/bin/../lib/gcc/arm-none-eabi/12.3.1/../../../../arm-none-eabi/lib/thumb/v7-m/nofp\libc_nano.a(libc_a-stdio.o) (_close_r)
C:/ST/STM32CubeIDE_1.16.1/STM32CubeIDE/plugins/com.st.stm32cube.ide.mcu.externaltools.gnu-tools-for-stm32.12.3.rel1.win32_1.0.200.202406191623/tools/bin/../lib/gcc/arm-none-eabi/12.3.1/../../../../arm-none-eabi/lib/thumb/v7-m/nofp\libc_nano.a(libc_a-reent.o)
                              C:/ST/STM32CubeIDE_1.16.1/STM32CubeIDE/plugins/com.st.stm32cube.ide.mcu.externaltools.gnu-tools-for-stm32.12.3.rel1.win32_1.0.200.202406191623/tools/bin/../lib/gcc/arm-none-eabi/12.3.1/../../../../arm-none-eabi/lib/thumb/v7-m/nofp\libc_nano.a(libc_a-closer.o) (errno)
C:/ST/STM32CubeIDE_1.16.1/STM32CubeIDE/plugins/com.st.stm32cube.ide.mcu.externaltools.gnu-tools-for-stm32.12.3.rel1.win32_1.0.200.202406191623/tools/bin/../lib/gcc/arm-none-eabi/12.3.1/../../../../arm-none-eabi/lib/thumb/v7-m/nofp\libc_nano.a(libc_a-impure.o)
                              C:/ST/STM32CubeIDE_1.16.1/STM32CubeIDE/plugins/com.st.stm32cube.ide.mcu.externaltools.gnu-tools-for-stm32.12.3.rel1.win32_1.0.200.202406191623/tools/bin/../lib/gcc/arm-none-eabi/12.3.1/../../../../arm-none-eabi/lib/thumb/v7-m/nofp\libc_nano.a(libc_a-reent.o) (_impure_ptr)
C:/ST/STM32CubeIDE_1.16.1/STM32CubeIDE/plugins/com.st.stm32cube.ide.mcu.externaltools.gnu-tools-for-stm32.12.3.rel1.win32_1.0.200.202406191623/tools/bin/../lib/gcc/arm-none-eabi/12.3.1/../../../../arm-none-eabi/lib/thumb/v7-m/nofp\libc_nano.a(libc_a-lseekr.o)
[...]
Memory Configuration

Name             Origin             Length             Attributes
RAM              0x20000000         0x00020000         xrw
FLASH            0x08000000         0x00100000         xr
*default*        0x00000000         0xffffffff

Linker script and memory map

LOAD C:/ST/STM32CubeIDE_1.16.1/STM32CubeIDE/plugins/com.st.stm32cube.ide.mcu.externaltools.gnu-tools-for-stm32.12.3.rel1.win32_1.0.200.202406191623/tools/bin/../lib/gcc/arm-none-eabi/12.3.1/thumb/v7-m/nofp/crti.o
LOAD C:/ST/STM32CubeIDE_1.16.1/STM32CubeIDE/plugins/com.st.stm32cube.ide.mcu.externaltools.gnu-tools-for-stm32.12.3.rel1.win32_1.0.200.202406191623/tools/bin/../lib/gcc/arm-none-eabi/12.3.1/thumb/v7-m/nofp/crtbegin.o
LOAD C:/ST/STM32CubeIDE_1.16.1/STM32CubeIDE/plugins/com.st.stm32cube.ide.mcu.externaltools.gnu-tools-for-stm32.12.3.rel1.win32_1.0.200.202406191623/tools/bin/../lib/gcc/arm-none-eabi/12.3.1/../../../../arm-none-eabi/lib/thumb/v7-m/nofp/crt0.o
LOAD ./Core/Src/main.o
LOAD ./Core/Src/stm32f2xx_hal_msp.o
LOAD ./Core/Src/stm32f2xx_it.o
LOAD ./Core/Src/syscalls.o
LOAD ./Core/Src/sysmem.o
LOAD ./Core/Src/system_stm32f2xx.o
LOAD ./Core/Startup/startup_stm32f207zgtx.o
LOAD ./Drivers/STM32F2xx_HAL_Driver/Src/stm32f2xx_hal.o
LOAD ./Drivers/STM32F2xx_HAL_Driver/Src/stm32f2xx_hal_cortex.o
LOAD ./Drivers/STM32F2xx_HAL_Driver/Src/stm32f2xx_hal_dma.o
LOAD ./Drivers/STM32F2xx_HAL_Driver/Src/stm32f2xx_hal_dma_ex.o
LOAD ./Drivers/STM32F2xx_HAL_Driver/Src/stm32f2xx_hal_exti.o
LOAD ./Drivers/STM32F2xx_HAL_Driver/Src/stm32f2xx_hal_flash.o
LOAD ./Drivers/STM32F2xx_HAL_Driver/Src/stm32f2xx_hal_flash_ex.o
LOAD ./Drivers/STM32F2xx_HAL_Driver/Src/stm32f2xx_hal_gpio.o
LOAD ./Drivers/STM32F2xx_HAL_Driver/Src/stm32f2xx_hal_pwr.o
LOAD ./Drivers/STM32F2xx_HAL_Driver/Src/stm32f2xx_hal_pwr_ex.o
LOAD ./Drivers/STM32F2xx_HAL_Driver/Src/stm32f2xx_hal_rcc.o
LOAD ./Drivers/STM32F2xx_HAL_Driver/Src/stm32f2xx_hal_rcc_ex.o
LOAD ./Drivers/STM32F2xx_HAL_Driver/Src/stm32f2xx_hal_tim.o
LOAD ./Drivers/STM32F2xx_HAL_Driver/Src/stm32f2xx_hal_tim_ex.o
START GROUP
LOAD C:/ST/STM32CubeIDE_1.16.1/STM32CubeIDE/plugins/com.st.stm32cube.ide.mcu.externaltools.gnu-tools-for-stm32.12.3.rel1.win32_1.0.200.202406191623/tools/bin/../lib/gcc/arm-none-eabi/12.3.1/../../../../arm-none-eabi/lib/thumb/v7-m/nofp\libc_nano.a
LOAD C:/ST/STM32CubeIDE_1.16.1/STM32CubeIDE/plugins/com.st.stm32cube.ide.mcu.externaltools.gnu-tools-for-stm32.12.3.rel1.win32_1.0.200.202406191623/tools/bin/../lib/gcc/arm-none-eabi/12.3.1/../../../../arm-none-eabi/lib/thumb/v7-m/nofp\libm.a
END GROUP
START GROUP
LOAD C:/ST/STM32CubeIDE_1.16.1/STM32CubeIDE/plugins/com.st.stm32cube.ide.mcu.externaltools.gnu-tools-for-stm32.12.3.rel1.win32_1.0.200.202406191623/tools/bin/../lib/gcc/arm-none-eabi/12.3.1/thumb/v7-m/nofp\libgcc.a
LOAD C:/ST/STM32CubeIDE_1.16.1/STM32CubeIDE/plugins/com.st.stm32cube.ide.mcu.externaltools.gnu-tools-for-stm32.12.3.rel1.win32_1.0.200.202406191623/tools/bin/../lib/gcc/arm-none-eabi/12.3.1/../../../../arm-none-eabi/lib/thumb/v7-m/nofp\libc_nano.a
END GROUP
START GROUP
LOAD C:/ST/STM32CubeIDE_1.16.1/STM32CubeIDE/plugins/com.st.stm32cube.ide.mcu.externaltools.gnu-tools-for-stm32.12.3.rel1.win32_1.0.200.202406191623/tools/bin/../lib/gcc/arm-none-eabi/12.3.1/thumb/v7-m/nofp\libgcc.a
LOAD C:/ST/STM32CubeIDE_1.16.1/STM32CubeIDE/plugins/com.st.stm32cube.ide.mcu.externaltools.gnu-tools-for-stm32.12.3.rel1.win32_1.0.200.202406191623/tools/bin/../lib/gcc/arm-none-eabi/12.3.1/../../../../arm-none-eabi/lib/thumb/v7-m/nofp\libc_nano.a
LOAD C:/ST/STM32CubeIDE_1.16.1/STM32CubeIDE/plugins/com.st.stm32cube.ide.mcu.externaltools.gnu-tools-for-stm32.12.3.rel1.win32_1.0.200.202406191623/tools/bin/../lib/gcc/arm-none-eabi/12.3.1/../../../../arm-none-eabi/lib/thumb/v7-m/nofp\libnosys.a
END GROUP
START GROUP
LOAD C:/ST/STM32CubeIDE_1.16.1/STM32CubeIDE/plugins/com.st.stm32cube.ide.mcu.externaltools.gnu-tools-for-stm32.12.3.rel1.win32_1.0.200.202406191623/tools/bin/../lib/gcc/arm-none-eabi/12.3.1/thumb/v7-m/nofp\libgcc.a
LOAD C:/ST/STM32CubeIDE_1.16.1/STM32CubeIDE/plugins/com.st.stm32cube.ide.mcu.externaltools.gnu-tools-for-stm32.12.3.rel1.win32_1.0.200.202406191623/tools/bin/../lib/gcc/arm-none-eabi/12.3.1/../../../../arm-none-eabi/lib/thumb/v7-m/nofp\libc_nano.a
LOAD C:/ST/STM32CubeIDE_1.16.1/STM32CubeIDE/plugins/com.st.stm32cube.ide.mcu.externaltools.gnu-tools-for-stm32.12.3.rel1.win32_1.0.200.202406191623/tools/bin/../lib/gcc/arm-none-eabi/12.3.1/../../../../arm-none-eabi/lib/thumb/v7-m/nofp\libnosys.a
END GROUP
LOAD C:/ST/STM32CubeIDE_1.16.1/STM32CubeIDE/plugins/com.st.stm32cube.ide.mcu.externaltools.gnu-tools-for-stm32.12.3.rel1.win32_1.0.200.202406191623/tools/bin/../lib/gcc/arm-none-eabi/12.3.1/thumb/v7-m/nofp/crtend.o
LOAD C:/ST/STM32CubeIDE_1.16.1/STM32CubeIDE/plugins/com.st.stm32cube.ide.mcu.externaltools.gnu-tools-for-stm32.12.3.rel1.win32_1.0.200.202406191623/tools/bin/../lib/gcc/arm-none-eabi/12.3.1/thumb/v7-m/nofp/crtn.o
                0x20020000                        _estack = (ORIGIN (RAM) + LENGTH (RAM))
                0x00000200                        _Min_Heap_Size = 0x200
                0x00000400                        _Min_Stack_Size = 0x400

.isr_vector     0x08000000      0x184
                0x08000000                        . = ALIGN (0x4)
 *(.isr_vector)
 .isr_vector    0x08000000      0x184 ./Core/Startup/startup_stm32f207zgtx.o
                0x08000000                g_pfnVectors
                0x08000184                        . = ALIGN (0x4)

.text           0x08000184     0x2d70
                0x08000184                        . = ALIGN (0x4)
 *(.text)
 .text          0x08000184       0x40 C:/ST/STM32CubeIDE_1.16.1/STM32CubeIDE/plugins/com.st.stm32cube.ide.mcu.externaltools.gnu-tools-for-stm32.12.3.rel1.win32_1.0.200.202406191623/tools/bin/../lib/gcc/arm-none-eabi/12.3.1/thumb/v7-m/nofp/crtbegin.o
 .text          0x080001c4       0x30 C:/ST/STM32CubeIDE_1.16.1/STM32CubeIDE/plugins/com.st.stm32cube.ide.mcu.externaltools.gnu-tools-for-stm32.12.3.rel1.win32_1.0.200.202406191623/tools/bin/../lib/gcc/arm-none-eabi/12.3.1/thumb/v7-m/nofp\libgcc.a(_aeabi_uldivmod.o)
                0x080001c4                __aeabi_uldivmod
 .text          0x080001f4      0x2b8 C:/ST/STM32CubeIDE_1.16.1/STM32CubeIDE/plugins/com.st.stm32cube.ide.mcu.externaltools.gnu-tools-for-stm32.12.3.rel1.win32_1.0.200.202406191623/tools/bin/../lib/gcc/arm-none-eabi/12.3.1/thumb/v7-m/nofp\libgcc.a(_udivmoddi4.o)
                0x080001f4                __udivmoddi4
 .text          0x080004ac        0x4 C:/ST/STM32CubeIDE_1.16.1/STM32CubeIDE/plugins/com.st.stm32cube.ide.mcu.externaltools.gnu-tools-for-stm32.12.3.rel1.win32_1.0.200.202406191623/tools/bin/../lib/gcc/arm-none-eabi/12.3.1/thumb/v7-m/nofp\libgcc.a(_dvmd_tls.o)
                0x080004ac                __aeabi_idiv0
                0x080004ac                __aeabi_ldiv0
 *(.text*)
 .text.main     0x080004b0       0x8c ./Core/Src/main.o
                0x080004b0                main
 .text.SystemClock_Config
                0x0800053c       0x8c ./Core/Src/main.o
                0x0800053c                SystemClock_Config
 .text.MX_TIM1_Init
                0x080005c8      0x170 ./Core/Src/main.o
 .text.MX_TIM8_Init
                0x08000738      0x170 ./Core/Src/main.o
 .text.MX_GPIO_Init
                0x080008a8      0x260 ./Core/Src/main.o
 .text.Error_Handler
                0x08000b08        0xc ./Core/Src/main.o
                0x08000b08                Error_Handler
 .text.HAL_MspInit
                0x08000b14       0x4c ./Core/Src/stm32f2xx_hal_msp.o
                0x08000b14                HAL_MspInit
 .text.HAL_TIM_Base_MspInit
                0x08000b60       0x6c ./Core/Src/stm32f2xx_hal_msp.o
                0x08000b60                HAL_TIM_Base_MspInit
 .text.HAL_TIM_MspPostInit
                0x08000bcc       0xc4 ./Core/Src/stm32f2xx_hal_msp.o
                0x08000bcc                HAL_TIM_MspPostInit
 .text.NMI_Handler
                0x08000c90        0x8 ./Core/Src/stm32f2xx_it.o
                0x08000c90                NMI_Handler
 .text.HardFault_Handler
                0x08000c98        0x8 ./Core/Src/stm32f2xx_it.o
                0x08000c98                HardFault_Handler
 .text.MemManage_Handler
                0x08000ca0        0x8 ./Core/Src/stm32f2xx_it.o
                0x08000ca0                MemManage_Handler
 .text.BusFault_Handler
                0x08000ca8        0x8 ./Core/Src/stm32f2xx_it.o
                0x08000ca8                BusFault_Handler
 .text.UsageFault_Handler
                0x08000cb0        0x8 ./Core/Src/stm32f2xx_it.o
                0x08000cb0                UsageFault_Handler
 .text.SVC_Handler
                0x08000cb8        0xc ./Core/Src/stm32f2xx_it.o
                0x08000cb8                SVC_Handler
 .text.DebugMon_Handler
                0x08000cc4        0xc ./Core/Src/stm32f2xx_it.o
                0x08000cc4                DebugMon_Handler
 .text.PendSV_Handler
                0x08000cd0        0xc ./Core/Src/stm32f2xx_it.o
                0x08000cd0                PendSV_Handler
 .text.SysTick_Handler
                0x08000cdc        0xc ./Core/Src/stm32f2xx_it.o
                0x08000cdc                SysTick_Handler
 .text.SystemInit
                0x08000ce8        0xc ./Core/Src/system_stm32f2xx.o
                0x08000ce8                SystemInit
 .text.Reset_Handler
                0x08000cf4       0x50 ./Core/Startup/startup_stm32f207zgtx.o
                0x08000cf4                Reset_Handler
 .text.Default_Handler
                0x08000d44        0x2 ./Core/Startup/startup_stm32f207zgtx.o
                0x08000d44                RTC_Alarm_IRQHandler
                0x08000d44                HASH_RNG_IRQHandler
                0x08000d44                EXTI2_IRQHandler
                0x08000d44                TIM8_CC_IRQHandler
                0x08000d44                TIM1_CC_IRQHandler
                0x08000d44                DMA2_Stream5_IRQHandler
                0x08000d44                DMA1_Stream5_IRQHandler
                0x08000d44                PVD_IRQHandler
                0x08000d44                SDIO_IRQHandler
                0x08000d44                TAMP_STAMP_IRQHandler
                0x08000d44                CAN2_RX1_IRQHandler
                0x08000d44                EXTI3_IRQHandler
                0x08000d44                TIM8_TRG_COM_TIM14_IRQHandler
                0x08000d44                TIM1_UP_TIM10_IRQHandler
                0x08000d44                TIM8_UP_TIM13_IRQHandler
                0x08000d44                I2C3_ER_IRQHandler
                0x08000d44                EXTI0_IRQHandler
                0x08000d44                I2C2_EV_IRQHandler
                0x08000d44                DMA1_Stream2_IRQHandler
                0x08000d44                CAN1_RX0_IRQHandler
                0x08000d44                OTG_HS_WKUP_IRQHandler
                0x08000d44                CAN2_SCE_IRQHandler
                0x08000d44                DMA2_Stream2_IRQHandler
                0x08000d44                SPI1_IRQHandler
                0x08000d44                TIM6_DAC_IRQHandler
                0x08000d44                TIM1_BRK_TIM9_IRQHandler
                0x08000d44                DCMI_IRQHandler
                0x08000d44                CAN2_RX0_IRQHandler
                0x08000d44                DMA2_Stream3_IRQHandler
                0x08000d44                USART6_IRQHandler
                0x08000d44                USART3_IRQHandler
                0x08000d44                CAN1_RX1_IRQHandler
                0x08000d44                UART5_IRQHandler
                0x08000d44                DMA2_Stream0_IRQHandler
                0x08000d44                TIM4_IRQHandler
                0x08000d44                I2C1_EV_IRQHandler
                0x08000d44                DMA1_Stream6_IRQHandler
                0x08000d44                DMA1_Stream1_IRQHandler
                0x08000d44                UART4_IRQHandler
                0x08000d44                TIM3_IRQHandler
                0x08000d44                RCC_IRQHandler
                0x08000d44                TIM8_BRK_TIM12_IRQHandler
                0x08000d44                Default_Handler
                0x08000d44                EXTI15_10_IRQHandler
                0x08000d44                ADC_IRQHandler
                0x08000d44                DMA1_Stream7_IRQHandler
                0x08000d44                TIM7_IRQHandler
                0x08000d44                CAN2_TX_IRQHandler
                0x08000d44                TIM5_IRQHandler
                0x08000d44                DMA2_Stream7_IRQHandler
                0x08000d44                I2C3_EV_IRQHandler
                0x08000d44                EXTI9_5_IRQHandler
                0x08000d44                RTC_WKUP_IRQHandler
                0x08000d44                ETH_WKUP_IRQHandler
                0x08000d44                SPI2_IRQHandler
                0x08000d44                OTG_HS_EP1_IN_IRQHandler
                0x08000d44                DMA1_Stream0_IRQHandler
                0x08000d44                CAN1_TX_IRQHandler
                0x08000d44                EXTI4_IRQHandler
                0x08000d44                FSMC_IRQHandler
                0x08000d44                ETH_IRQHandler
                0x08000d44                OTG_HS_EP1_OUT_IRQHandler
                0x08000d44                WWDG_IRQHandler
                0x08000d44                TIM2_IRQHandler
                0x08000d44                OTG_FS_WKUP_IRQHandler
                0x08000d44                TIM1_TRG_COM_TIM11_IRQHandler
                0x08000d44                OTG_HS_IRQHandler
                0x08000d44                EXTI1_IRQHandler
                0x08000d44                USART2_IRQHandler
                0x08000d44                I2C2_ER_IRQHandler
                0x08000d44                DMA2_Stream1_IRQHandler
                0x08000d44                CAN1_SCE_IRQHandler
                0x08000d44                FLASH_IRQHandler
                0x08000d44                DMA2_Stream4_IRQHandler
                0x08000d44                USART1_IRQHandler
                0x08000d44                OTG_FS_IRQHandler
                0x08000d44                SPI3_IRQHandler
                0x08000d44                DMA1_Stream4_IRQHandler
                0x08000d44                I2C1_ER_IRQHandler
                0x08000d44                DMA2_Stream6_IRQHandler
                0x08000d44                DMA1_Stream3_IRQHandler
 *fill*         0x08000d46        0x2 
 .text.HAL_Init
                0x08000d48       0x44 ./Drivers/STM32F2xx_HAL_Driver/Src/stm32f2xx_hal.o
                0x08000d48                HAL_Init
 .text.HAL_InitTick
                0x08000d8c       0x60 ./Drivers/STM32F2xx_HAL_Driver/Src/stm32f2xx_hal.o
                0x08000d8c                HAL_InitTick
 .text.HAL_IncTick
                0x08000dec       0x24 ./Drivers/STM32F2xx_HAL_Driver/Src/stm32f2xx_hal.o
                0x08000dec                HAL_IncTick
 .text.HAL_GetTick
                0x08000e10       0x14 ./Drivers/STM32F2xx_HAL_Driver/Src/stm32f2xx_hal.o
                0x08000e10                HAL_GetTick
 .text.HAL_Delay
                0x08000e24       0x48 ./Drivers/STM32F2xx_HAL_Driver/Src/stm32f2xx_hal.o
                0x08000e24                HAL_Delay
 .text.__NVIC_SetPriorityGrouping
                0x08000e6c       0x48 ./Drivers/STM32F2xx_HAL_Driver/Src/stm32f2xx_hal_cortex.o
 .text.__NVIC_GetPriorityGrouping
                0x08000eb4       0x1c ./Drivers/STM32F2xx_HAL_Driver/Src/stm32f2xx_hal_cortex.o
 .text.__NVIC_SetPriority
                0x08000ed0       0x54 ./Drivers/STM32F2xx_HAL_Driver/Src/stm32f2xx_hal_cortex.o
 .text.NVIC_EncodePriority
                0x08000f24       0x64 ./Drivers/STM32F2xx_HAL_Driver/Src/stm32f2xx_hal_cortex.o
 .text.SysTick_Config
                0x08000f88       0x44 ./Drivers/STM32F2xx_HAL_Driver/Src/stm32f2xx_hal_cortex.o
 .text.HAL_NVIC_SetPriorityGrouping
                0x08000fcc       0x16 ./Drivers/STM32F2xx_HAL_Driver/Src/stm32f2xx_hal_cortex.o
                0x08000fcc                HAL_NVIC_SetPriorityGrouping
 .text.HAL_NVIC_SetPriority
                0x08000fe2       0x38 ./Drivers/STM32F2xx_HAL_Driver/Src/stm32f2xx_hal_cortex.o
                0x08000fe2                HAL_NVIC_SetPriority
 .text.HAL_SYSTICK_Config
                0x0800101a       0x18 ./Drivers/STM32F2xx_HAL_Driver/Src/stm32f2xx_hal_cortex.o
                0x0800101a                HAL_SYSTICK_Config
 *fill*         0x08001032        0x2 
 .text.HAL_GPIO_Init
                0x08001034      0x33c ./Drivers/STM32F2xx_HAL_Driver/Src/stm32f2xx_hal_gpio.o
                0x08001034                HAL_GPIO_Init
 .text.HAL_GPIO_WritePin
                0x08001370       0x30 ./Drivers/STM32F2xx_HAL_Driver/Src/stm32f2xx_hal_gpio.o
                0x08001370                HAL_GPIO_WritePin
 .text.HAL_RCC_OscConfig
                0x080013a0      0x4a8 ./Drivers/STM32F2xx_HAL_Driver/Src/stm32f2xx_hal_rcc.o
                0x080013a0                HAL_RCC_OscConfig
 .text.HAL_RCC_ClockConfig
                0x08001848      0x1d8 ./Drivers/STM32F2xx_HAL_Driver/Src/stm32f2xx_hal_rcc.o
                0x08001848                HAL_RCC_ClockConfig
 .text.HAL_RCC_GetSysClockFreq
                0x08001a20      0x218 ./Drivers/STM32F2xx_HAL_Driver/Src/stm32f2xx_hal_rcc.o
                0x08001a20                HAL_RCC_GetSysClockFreq
 .text.HAL_TIM_Base_Init
                0x08001c38       0x9e ./Drivers/STM32F2xx_HAL_Driver/Src/stm32f2xx_hal_tim.o
                0x08001c38                HAL_TIM_Base_Init
 .text.HAL_TIM_OC_Init
                0x08001cd6       0x9e ./Drivers/STM32F2xx_HAL_Driver/Src/stm32f2xx_hal_tim.o
                0x08001cd6                HAL_TIM_OC_Init
 .text.HAL_TIM_OC_MspInit
                0x08001d74       0x12 ./Drivers/STM32F2xx_HAL_Driver/Src/stm32f2xx_hal_tim.o
                0x08001d74                HAL_TIM_OC_MspInit
 *fill*         0x08001d86        0x2 
 .text.HAL_TIM_OC_Start
                0x08001d88      0x190 ./Drivers/STM32F2xx_HAL_Driver/Src/stm32f2xx_hal_tim.o
                0x08001d88                HAL_TIM_OC_Start
 .text.HAL_TIM_PWM_Init
                0x08001f18       0x9e ./Drivers/STM32F2xx_HAL_Driver/Src/stm32f2xx_hal_tim.o
                0x08001f18                HAL_TIM_PWM_Init
 .text.HAL_TIM_PWM_MspInit
                0x08001fb6       0x12 ./Drivers/STM32F2xx_HAL_Driver/Src/stm32f2xx_hal_tim.o
                0x08001fb6                HAL_TIM_PWM_MspInit
 .text.HAL_TIM_PWM_Start
                0x08001fc8      0x190 ./Drivers/STM32F2xx_HAL_Driver/Src/stm32f2xx_hal_tim.o
                0x08001fc8                HAL_TIM_PWM_Start
 .text.HAL_TIM_OC_ConfigChannel
                0x08002158       0xb8 ./Drivers/STM32F2xx_HAL_Driver/Src/stm32f2xx_hal_tim.o
                0x08002158                HAL_TIM_OC_ConfigChannel
 .text.HAL_TIM_PWM_ConfigChannel
                0x08002210      0x184 ./Drivers/STM32F2xx_HAL_Driver/Src/stm32f2xx_hal_tim.o
                0x08002210                HAL_TIM_PWM_ConfigChannel
 .text.HAL_TIM_ConfigClockSource
                0x08002394      0x18e ./Drivers/STM32F2xx_HAL_Driver/Src/stm32f2xx_hal_tim.o
                0x08002394                HAL_TIM_ConfigClockSource
 .text.HAL_TIM_SlaveConfigSynchro
                0x08002522       0x84 ./Drivers/STM32F2xx_HAL_Driver/Src/stm32f2xx_hal_tim.o
                0x08002522                HAL_TIM_SlaveConfigSynchro
 *fill*         0x080025a6        0x2 
 .text.TIM_Base_SetConfig
                0x080025a8      0x154 ./Drivers/STM32F2xx_HAL_Driver/Src/stm32f2xx_hal_tim.o
                0x080025a8                TIM_Base_SetConfig
 .text.TIM_OC1_SetConfig
                0x080026fc       0xe0 ./Drivers/STM32F2xx_HAL_Driver/Src/stm32f2xx_hal_tim.o
 .text.TIM_OC2_SetConfig
                0x080027dc       0xe8 ./Drivers/STM32F2xx_HAL_Driver/Src/stm32f2xx_hal_tim.o
                0x080027dc                TIM_OC2_SetConfig
 .text.TIM_OC3_SetConfig
                0x080028c4       0xe8 ./Drivers/STM32F2xx_HAL_Driver/Src/stm32f2xx_hal_tim.o
 .text.TIM_OC4_SetConfig
                0x080029ac       0xa8 ./Drivers/STM32F2xx_HAL_Driver/Src/stm32f2xx_hal_tim.o
 .text.TIM_SlaveTimer_SetConfig
                0x08002a54      0x122 ./Drivers/STM32F2xx_HAL_Driver/Src/stm32f2xx_hal_tim.o
 .text.TIM_TI1_ConfigInputStage
                0x08002b76       0x5c ./Drivers/STM32F2xx_HAL_Driver/Src/stm32f2xx_hal_tim.o
 .text.TIM_TI2_ConfigInputStage
                0x08002bd2       0x5e ./Drivers/STM32F2xx_HAL_Driver/Src/stm32f2xx_hal_tim.o
 .text.TIM_ITRx_SetConfig
                0x08002c30       0x34 ./Drivers/STM32F2xx_HAL_Driver/Src/stm32f2xx_hal_tim.o
 .text.TIM_ETR_SetConfig
                0x08002c64       0x3e ./Drivers/STM32F2xx_HAL_Driver/Src/stm32f2xx_hal_tim.o
                0x08002c64                TIM_ETR_SetConfig
 .text.TIM_CCxChannelCmd
                0x08002ca2       0x48 ./Drivers/STM32F2xx_HAL_Driver/Src/stm32f2xx_hal_tim.o
                0x08002ca2                TIM_CCxChannelCmd
 *fill*         0x08002cea        0x2 
 .text.HAL_TIMEx_MasterConfigSynchronization
                0x08002cec       0xf4 ./Drivers/STM32F2xx_HAL_Driver/Src/stm32f2xx_hal_tim_ex.o
                0x08002cec                HAL_TIMEx_MasterConfigSynchronization
 .text.HAL_TIMEx_ConfigBreakDeadTime
                0x08002de0       0xa2 ./Drivers/STM32F2xx_HAL_Driver/Src/stm32f2xx_hal_tim_ex.o
                0x08002de0                HAL_TIMEx_ConfigBreakDeadTime
 .text.memset   0x08002e82       0x10 C:/ST/STM32CubeIDE_1.16.1/STM32CubeIDE/plugins/com.st.stm32cube.ide.mcu.externaltools.gnu-tools-for-stm32.12.3.rel1.win32_1.0.200.202406191623/tools/bin/../lib/gcc/arm-none-eabi/12.3.1/../../../../arm-none-eabi/lib/thumb/v7-m/nofp\libc_nano.a(libc_a-memset.o)
                0x08002e82                memset
 *fill*         0x08002e92        0x2 
 .text.__libc_init_array
                0x08002e94       0x48 C:/ST/STM32CubeIDE_1.16.1/STM32CubeIDE/plugins/com.st.stm32cube.ide.mcu.externaltools.gnu-tools-for-stm32.12.3.rel1.win32_1.0.200.202406191623/tools/bin/../lib/gcc/arm-none-eabi/12.3.1/../../../../arm-none-eabi/lib/thumb/v7-m/nofp\libc_nano.a(libc_a-init.o)
                0x08002e94                __libc_init_array
 *(.glue_7)
 .glue_7        0x08002edc        0x0 linker stubs
 *(.glue_7t)
 .glue_7t       0x08002edc        0x0 linker stubs
 *(.eh_frame)
 .eh_frame      0x08002edc        0x0 C:/ST/STM32CubeIDE_1.16.1/STM32CubeIDE/plugins/com.st.stm32cube.ide.mcu.externaltools.gnu-tools-for-stm32.12.3.rel1.win32_1.0.200.202406191623/tools/bin/../lib/gcc/arm-none-eabi/12.3.1/thumb/v7-m/nofp/crtbegin.o
 *(.init)
 .init          0x08002edc        0x4 C:/ST/STM32CubeIDE_1.16.1/STM32CubeIDE/plugins/com.st.stm32cube.ide.mcu.externaltools.gnu-tools-for-stm32.12.3.rel1.win32_1.0.200.202406191623/tools/bin/../lib/gcc/arm-none-eabi/12.3.1/thumb/v7-m/nofp/crti.o
                0x08002edc                _init
 .init          0x08002ee0        0x8 C:/ST/STM32CubeIDE_1.16.1/STM32CubeIDE/plugins/com.st.stm32cube.ide.mcu.externaltools.gnu-tools-for-stm32.12.3.rel1.win32_1.0.200.202406191623/tools/bin/../lib/gcc/arm-none-eabi/12.3.1/thumb/v7-m/nofp/crtn.o
 *(.fini)
 .fini          0x08002ee8        0x4 C:/ST/STM32CubeIDE_1.16.1/STM32CubeIDE/plugins/com.st.stm32cube.ide.mcu.externaltools.gnu-tools-for-stm32.12.3.rel1.win32_1.0.200.202406191623/tools/bin/../lib/gcc/arm-none-eabi/12.3.1/thumb/v7-m/nofp/crti.o
                0x08002ee8                _fini
 .fini          0x08002eec        0x8 C:/ST/STM32CubeIDE_1.16.1/STM32CubeIDE/plugins/com.st.stm32cube.ide.mcu.externaltools.gnu-tools-for-stm32.12.3.rel1.win32_1.0.200.202406191623/tools/bin/../lib/gcc/arm-none-eabi/12.3.1/thumb/v7-m/nofp/crtn.o
                0x08002ef4                        . = ALIGN (0x4)
                0x08002ef4                        _etext = .

.vfp11_veneer   0x08002ef4        0x0
 .vfp11_veneer  0x08002ef4        0x0 linker stubs

.v4_bx          0x08002ef4        0x0
 .v4_bx         0x08002ef4        0x0 linker stubs

.iplt           0x08002ef4        0x0
 .iplt          0x08002ef4        0x0 C:/ST/STM32CubeIDE_1.16.1/STM32CubeIDE/plugins/com.st.stm32cube.ide.mcu.externaltools.gnu-tools-for-stm32.12.3.rel1.win32_1.0.200.202406191623/tools/bin/../lib/gcc/arm-none-eabi/12.3.1/thumb/v7-m/nofp/crtbegin.o

.rodata         0x08002ef4       0x10
                0x08002ef4                        . = ALIGN (0x4)
 *(.rodata)
 *(.rodata*)
 .rodata.AHBPrescTable
                0x08002ef4       0x10 ./Core/Src/system_stm32f2xx.o
                0x08002ef4                AHBPrescTable
                0x08002f04                        . = ALIGN (0x4)

.ARM.extab      0x08002f04        0x0
                0x08002f04                        . = ALIGN (0x4)
 *(.ARM.extab* .gnu.linkonce.armextab.*)
                0x08002f04                        . = ALIGN (0x4)

.ARM            0x08002f04        0x8
                0x08002f04                        . = ALIGN (0x4)
                0x08002f04                        __exidx_start = .
 *(.ARM.exidx*)
 .ARM.exidx     0x08002f04        0x8 C:/ST/STM32CubeIDE_1.16.1/STM32CubeIDE/plugins/com.st.stm32cube.ide.mcu.externaltools.gnu-tools-for-stm32.12.3.rel1.win32_1.0.200.202406191623/tools/bin/../lib/gcc/arm-none-eabi/12.3.1/thumb/v7-m/nofp\libgcc.a(_udivmoddi4.o)
                0x08002f0c                        __exidx_end = .
                0x08002f0c                        . = ALIGN (0x4)

.preinit_array  0x08002f0c        0x0
                0x08002f0c                        . = ALIGN (0x4)
                0x08002f0c                        PROVIDE (__preinit_array_start = .)
 *(.preinit_array*)
                0x08002f0c                        PROVIDE (__preinit_array_end = .)
                0x08002f0c                        . = ALIGN (0x4)

.init_array     0x08002f0c        0x4
                0x08002f0c                        . = ALIGN (0x4)
                0x08002f0c                        PROVIDE (__init_array_start = .)
 *(SORT_BY_NAME(.init_array.*))
 *(.init_array*)
 .init_array    0x08002f0c        0x4 C:/ST/STM32CubeIDE_1.16.1/STM32CubeIDE/plugins/com.st.stm32cube.ide.mcu.externaltools.gnu-tools-for-stm32.12.3.rel1.win32_1.0.200.202406191623/tools/bin/../lib/gcc/arm-none-eabi/12.3.1/thumb/v7-m/nofp/crtbegin.o
                0x08002f10                        PROVIDE (__init_array_end = .)
                0x08002f10                        . = ALIGN (0x4)

.fini_array     0x08002f10        0x4
                0x08002f10                        . = ALIGN (0x4)
                [!provide]                        PROVIDE (__fini_array_start = .)
 *(SORT_BY_NAME(.fini_array.*))
 *(.fini_array*)
 .fini_array    0x08002f10        0x4 C:/ST/STM32CubeIDE_1.16.1/STM32CubeIDE/plugins/com.st.stm32cube.ide.mcu.externaltools.gnu-tools-for-stm32.12.3.rel1.win32_1.0.200.202406191623/tools/bin/../lib/gcc/arm-none-eabi/12.3.1/thumb/v7-m/nofp/crtbegin.o
                [!provide]                        PROVIDE (__fini_array_end = .)
                0x08002f14                        . = ALIGN (0x4)
                0x08002f14                        _sidata = LOADADDR (.data)

.rel.dyn        0x08002f14        0x0
 .rel.iplt      0x08002f14        0x0 C:/ST/STM32CubeIDE_1.16.1/STM32CubeIDE/plugins/com.st.stm32cube.ide.mcu.externaltools.gnu-tools-for-stm32.12.3.rel1.win32_1.0.200.202406191623/tools/bin/../lib/gcc/arm-none-eabi/12.3.1/thumb/v7-m/nofp/crtbegin.o

.data           0x20000000        0xc load address 0x08002f14
                0x20000000                        . = ALIGN (0x4)
                0x20000000                        _sdata = .
 *(.data)
 *(.data*)
 .data.SystemCoreClock
                0x20000000        0x4 ./Core/Src/system_stm32f2xx.o
                0x20000000                SystemCoreClock
 .data.uwTickPrio
                0x20000004        0x4 ./Drivers/STM32F2xx_HAL_Driver/Src/stm32f2xx_hal.o
                0x20000004                uwTickPrio
 .data.uwTickFreq
                0x20000008        0x1 ./Drivers/STM32F2xx_HAL_Driver/Src/stm32f2xx_hal.o
                0x20000008                uwTickFreq
 *(.RamFunc)
 *(.RamFunc*)
                0x2000000c                        . = ALIGN (0x4)
 *fill*         0x20000009        0x3 
                0x2000000c                        _edata = .

.igot.plt       0x2000000c        0x0 load address 0x08002f20
 .igot.plt      0x2000000c        0x0 C:/ST/STM32CubeIDE_1.16.1/STM32CubeIDE/plugins/com.st.stm32cube.ide.mcu.externaltools.gnu-tools-for-stm32.12.3.rel1.win32_1.0.200.202406191623/tools/bin/../lib/gcc/arm-none-eabi/12.3.1/thumb/v7-m/nofp/crtbegin.o
                0x2000000c                        . = ALIGN (0x4)

.bss            0x2000000c       0xb0 load address 0x08002f20
                0x2000000c                        _sbss = .
                0x2000000c                        __bss_start__ = _sbss
 *(.bss)
 .bss           0x2000000c       0x1c C:/ST/STM32CubeIDE_1.16.1/STM32CubeIDE/plugins/com.st.stm32cube.ide.mcu.externaltools.gnu-tools-for-stm32.12.3.rel1.win32_1.0.200.202406191623/tools/bin/../lib/gcc/arm-none-eabi/12.3.1/thumb/v7-m/nofp/crtbegin.o
 *(.bss*)
 .bss.htim1     0x20000028       0x48 ./Core/Src/main.o
                0x20000028                htim1
 .bss.htim8     0x20000070       0x48 ./Core/Src/main.o
                0x20000070                htim8
 .bss.uwTick    0x200000b8        0x4 ./Drivers/STM32F2xx_HAL_Driver/Src/stm32f2xx_hal.o
                0x200000b8                uwTick
 *(COMMON)
                0x200000bc                        . = ALIGN (0x4)
                0x200000bc                        _ebss = .
                0x200000bc                        __bss_end__ = _ebss

._user_heap_stack
                0x200000bc      0x604 load address 0x08002f20
                0x200000c0                        . = ALIGN (0x8)
 *fill*         0x200000bc        0x4 
                [!provide]                        PROVIDE (end = .)
                0x200000c0                        PROVIDE (_end = .)
                0x200002c0                        . = (. + _Min_Heap_Size)
 *fill*         0x200000c0      0x200 
                0x200006c0                        . = (. + _Min_Stack_Size)
 *fill*         0x200002c0      0x400 
                0x200006c0                        . = ALIGN (0x8)

/DISCARD/
 libc.a(*)
 libm.a(*)
 libgcc.a(*)

.ARM.attributes
                0x00000000       0x29
 *(.ARM.attributes)
 .ARM.attributes
                0x00000000       0x1d C:/ST/STM32CubeIDE_1.16.1/STM32CubeIDE/plugins/com.st.stm32cube.ide.mcu.externaltools.gnu-tools-for-stm32.12.3.rel1.win32_1.0.200.202406191623/tools/bin/../lib/gcc/arm-none-eabi/12.3.1/thumb/v7-m/nofp/crti.o
 .ARM.attributes
                0x0000001d       0x2d C:/ST/STM32CubeIDE_1.16.1/STM32CubeIDE/plugins/com.st.stm32cube.ide.mcu.externaltools.gnu-tools-for-stm32.12.3.rel1.win32_1.0.200.202406191623/tools/bin/../lib/gcc/arm-none-eabi/12.3.1/thumb/v7-m/nofp/crtbegin.o
 .ARM.attributes
                0x0000004a       0x2d ./Core/Src/main.o
 .ARM.attributes
                0x00000077       0x2d ./Core/Src/stm32f2xx_hal_msp.o
 .ARM.attributes
                0x000000a4       0x2d ./Core/Src/stm32f2xx_it.o
 .ARM.attributes
                0x000000d1       0x2d ./Core/Src/system_stm32f2xx.o
 .ARM.attributes
                0x000000fe       0x21 ./Core/Startup/startup_stm32f207zgtx.o
 .ARM.attributes
                0x0000011f       0x2d ./Drivers/STM32F2xx_HAL_Driver/Src/stm32f2xx_hal.o
 .ARM.attributes
                0x0000014c       0x2d ./Drivers/STM32F2xx_HAL_Driver/Src/stm32f2xx_hal_cortex.o
 .ARM.attributes
                0x00000179       0x2d ./Drivers/STM32F2xx_HAL_Driver/Src/stm32f2xx_hal_gpio.o
 .ARM.attributes
                0x000001a6       0x2d ./Drivers/STM32F2xx_HAL_Driver/Src/stm32f2xx_hal_rcc.o
 .ARM.attributes
                0x000001d3       0x2d ./Drivers/STM32F2xx_HAL_Driver/Src/stm32f2xx_hal_tim.o
 .ARM.attributes
                0x00000200       0x2d ./Drivers/STM32F2xx_HAL_Driver/Src/stm32f2xx_hal_tim_ex.o
 .ARM.attributes
                0x0000022d       0x2d C:/ST/STM32CubeIDE_1.16.1/STM32CubeIDE/plugins/com.st.stm32cube.ide.mcu.externaltools.gnu-tools-for-stm32.12.3.rel1.win32_1.0.200.202406191623/tools/bin/../lib/gcc/arm-none-eabi/12.3.1/../../../../arm-none-eabi/lib/thumb/v7-m/nofp\libc_nano.a(libc_a-memset.o)
 .ARM.attributes
                0x0000025a       0x2d C:/ST/STM32CubeIDE_1.16.1/STM32CubeIDE/plugins/com.st.stm32cube.ide.mcu.externaltools.gnu-tools-for-stm32.12.3.rel1.win32_1.0.200.202406191623/tools/bin/../lib/gcc/arm-none-eabi/12.3.1/../../../../arm-none-eabi/lib/thumb/v7-m/nofp\libc_nano.a(libc_a-init.o)
 .ARM.attributes
                0x00000287       0x1d C:/ST/STM32CubeIDE_1.16.1/STM32CubeIDE/plugins/com.st.stm32cube.ide.mcu.externaltools.gnu-tools-for-stm32.12.3.rel1.win32_1.0.200.202406191623/tools/bin/../lib/gcc/arm-none-eabi/12.3.1/thumb/v7-m/nofp\libgcc.a(_aeabi_uldivmod.o)
 .ARM.attributes
                0x000002a4       0x2d C:/ST/STM32CubeIDE_1.16.1/STM32CubeIDE/plugins/com.st.stm32cube.ide.mcu.externaltools.gnu-tools-for-stm32.12.3.rel1.win32_1.0.200.202406191623/tools/bin/../lib/gcc/arm-none-eabi/12.3.1/thumb/v7-m/nofp\libgcc.a(_udivmoddi4.o)
 .ARM.attributes
                0x000002d1       0x1d C:/ST/STM32CubeIDE_1.16.1/STM32CubeIDE/plugins/com.st.stm32cube.ide.mcu.externaltools.gnu-tools-for-stm32.12.3.rel1.win32_1.0.200.202406191623/tools/bin/../lib/gcc/arm-none-eabi/12.3.1/thumb/v7-m/nofp\libgcc.a(_dvmd_tls.o)
 .ARM.attributes
                0x000002ee       0x1d C:/ST/STM32CubeIDE_1.16.1/STM32CubeIDE/plugins/com.st.stm32cube.ide.mcu.externaltools.gnu-tools-for-stm32.12.3.rel1.win32_1.0.200.202406191623/tools/bin/../lib/gcc/arm-none-eabi/12.3.1/thumb/v7-m/nofp/crtn.o
OUTPUT(PWM_PhaseShift.elf elf32-littlearm)
LOAD linker stubs
LOAD C:/ST/STM32CubeIDE_1.16.1/STM32CubeIDE/plugins/com.st.stm32cube.ide.mcu.externaltools.gnu-tools-for-stm32.12.3.rel1.win32_1.0.200.202406191623/tools/bin/../lib/gcc/arm-none-eabi/12.3.1/../../../../arm-none-eabi/lib/thumb/v7-m/nofp\libc.a
LOAD C:/ST/STM32CubeIDE_1.16.1/STM32CubeIDE/plugins/com.st.stm32cube.ide.mcu.externaltools.gnu-tools-for-stm32.12.3.rel1.win32_1.0.200.202406191623/tools/bin/../lib/gcc/arm-none-eabi/12.3.1/../../../../arm-none-eabi/lib/thumb/v7-m/nofp\libm.a
LOAD C:/ST/STM32CubeIDE_1.16.1/STM32CubeIDE/plugins/com.st.stm32cube.ide.mcu.externaltools.gnu-tools-for-stm32.12.3.rel1.win32_1.0.200.202406191623/tools/bin/../lib/gcc/arm-none-eabi/12.3.1/thumb/v7-m/nofp\libgcc.a

.debug_info     0x00000000     0x85d2
 .debug_info    0x00000000     0x10a7 ./Core/Src/main.o
 .debug_info    0x000010a7      0xa4f ./Core/Src/stm32f2xx_hal_msp.o
 .debug_info    0x00001af6      0x112 ./Core/Src/stm32f2xx_it.o
 .debug_info    0x00001c08      0x31f ./Core/Src/system_stm32f2xx.o
 .debug_info    0x00001f27       0x30 ./Core/Startup/startup_stm32f207zgtx.o
 .debug_info    0x00001f57      0x9c3 ./Drivers/STM32F2xx_HAL_Driver/Src/stm32f2xx_hal.o
 .debug_info    0x0000291a      0xd7b ./Drivers/STM32F2xx_HAL_Driver/Src/stm32f2xx_hal_cortex.o
 .debug_info    0x00003695      0x68e ./Drivers/STM32F2xx_HAL_Driver/Src/stm32f2xx_hal_gpio.o
 .debug_info    0x00003d23      0xa39 ./Drivers/STM32F2xx_HAL_Driver/Src/stm32f2xx_hal_rcc.o
 .debug_info    0x0000475c     0x299b ./Drivers/STM32F2xx_HAL_Driver/Src/stm32f2xx_hal_tim.o
 .debug_info    0x000070f7     0x14db ./Drivers/STM32F2xx_HAL_Driver/Src/stm32f2xx_hal_tim_ex.o

.debug_abbrev   0x00000000     0x1562
 .debug_abbrev  0x00000000      0x28a ./Core/Src/main.o
 .debug_abbrev  0x0000028a      0x1d0 ./Core/Src/stm32f2xx_hal_msp.o
 .debug_abbrev  0x0000045a       0x73 ./Core/Src/stm32f2xx_it.o
 .debug_abbrev  0x000004cd      0x11c ./Core/Src/system_stm32f2xx.o
 .debug_abbrev  0x000005e9       0x24 ./Core/Startup/startup_stm32f207zgtx.o
 .debug_abbrev  0x0000060d      0x286 ./Drivers/STM32F2xx_HAL_Driver/Src/stm32f2xx_hal.o
 .debug_abbrev  0x00000893      0x31c ./Drivers/STM32F2xx_HAL_Driver/Src/stm32f2xx_hal_cortex.o
 .debug_abbrev  0x00000baf      0x1cb ./Drivers/STM32F2xx_HAL_Driver/Src/stm32f2xx_hal_gpio.o
 .debug_abbrev  0x00000d7a      0x2d6 ./Drivers/STM32F2xx_HAL_Driver/Src/stm32f2xx_hal_rcc.o
 .debug_abbrev  0x00001050      0x28f ./Drivers/STM32F2xx_HAL_Driver/Src/stm32f2xx_hal_tim.o
 .debug_abbrev  0x000012df      0x283 ./Drivers/STM32F2xx_HAL_Driver/Src/stm32f2xx_hal_tim_ex.o

.debug_aranges  0x00000000      0x960
 .debug_aranges
                0x00000000       0x48 ./Core/Src/main.o
 .debug_aranges
                0x00000048       0x38 ./Core/Src/stm32f2xx_hal_msp.o
 .debug_aranges
                0x00000080       0x60 ./Core/Src/stm32f2xx_it.o
 .debug_aranges
                0x000000e0       0x28 ./Core/Src/system_stm32f2xx.o
 .debug_aranges
                0x00000108       0x28 ./Core/Startup/startup_stm32f207zgtx.o
 .debug_aranges
                0x00000130       0xf0 ./Drivers/STM32F2xx_HAL_Driver/Src/stm32f2xx_hal.o
 .debug_aranges
                0x00000220      0x128 ./Drivers/STM32F2xx_HAL_Driver/Src/stm32f2xx_hal_cortex.o
 .debug_aranges
                0x00000348       0x58 ./Drivers/STM32F2xx_HAL_Driver/Src/stm32f2xx_hal_gpio.o
 .debug_aranges
                0x000003a0       0x88 ./Drivers/STM32F2xx_HAL_Driver/Src/stm32f2xx_hal_rcc.o
 .debug_aranges
                0x00000428      0x3d0 ./Drivers/STM32F2xx_HAL_Driver/Src/stm32f2xx_hal_tim.o
 .debug_aranges
                0x000007f8      0x168 ./Drivers/STM32F2xx_HAL_Driver/Src/stm32f2xx_hal_tim_ex.o

.debug_rnglists
                0x00000000      0x73f
 .debug_rnglists
                0x00000000       0x36 ./Core/Src/main.o
 .debug_rnglists
                0x00000036       0x26 ./Core/Src/stm32f2xx_hal_msp.o
 .debug_rnglists
                0x0000005c       0x43 ./Core/Src/stm32f2xx_it.o
 .debug_rnglists
                0x0000009f       0x1a ./Core/Src/system_stm32f2xx.o
 .debug_rnglists
                0x000000b9       0x19 ./Core/Startup/startup_stm32f207zgtx.o
 .debug_rnglists
                0x000000d2       0xaf ./Drivers/STM32F2xx_HAL_Driver/Src/stm32f2xx_hal.o
 .debug_rnglists
                0x00000181       0xd9 ./Drivers/STM32F2xx_HAL_Driver/Src/stm32f2xx_hal_cortex.o
 .debug_rnglists
                0x0000025a       0x3f ./Drivers/STM32F2xx_HAL_Driver/Src/stm32f2xx_hal_gpio.o
 .debug_rnglists
                0x00000299       0x67 ./Drivers/STM32F2xx_HAL_Driver/Src/stm32f2xx_hal_rcc.o
 .debug_rnglists
                0x00000300      0x31a ./Drivers/STM32F2xx_HAL_Driver/Src/stm32f2xx_hal_tim.o
 .debug_rnglists
                0x0000061a      0x125 ./Drivers/STM32F2xx_HAL_Driver/Src/stm32f2xx_hal_tim_ex.o

.debug_macro    0x00000000    0x1e8fc
 .debug_macro   0x00000000      0x1cc ./Core/Src/main.o
 .debug_macro   0x000001cc      0xaa8 ./Core/Src/main.o
 .debug_macro   0x00000c74      0x238 ./Core/Src/main.o
 .debug_macro   0x00000eac       0x2e ./Core/Src/main.o
 .debug_macro   0x00000eda       0x22 ./Core/Src/main.o
 .debug_macro   0x00000efc       0x22 ./Core/Src/main.o
 .debug_macro   0x00000f1e       0x8e ./Core/Src/main.o
 .debug_macro   0x00000fac       0x51 ./Core/Src/main.o
 .debug_macro   0x00000ffd      0x103 ./Core/Src/main.o
 .debug_macro   0x00001100       0x6a ./Core/Src/main.o
 .debug_macro   0x0000116a      0x1df ./Core/Src/main.o
 .debug_macro   0x00001349       0x1c ./Core/Src/main.o
 .debug_macro   0x00001365       0x22 ./Core/Src/main.o
 .debug_macro   0x00001387       0xbd ./Core/Src/main.o
 .debug_macro   0x00001444      0xe49 ./Core/Src/main.o
 .debug_macro   0x0000228d      0x11f ./Core/Src/main.o
 .debug_macro   0x000023ac    0x14fe1 ./Core/Src/main.o
 .debug_macro   0x0001738d       0x6d ./Core/Src/main.o
 .debug_macro   0x000173fa     0x35b3 ./Core/Src/main.o
 .debug_macro   0x0001a9ad      0x189 ./Core/Src/main.o
 .debug_macro   0x0001ab36       0x55 ./Core/Src/main.o
 .debug_macro   0x0001ab8b     0x1056 ./Core/Src/main.o
 .debug_macro   0x0001bbe1      0x153 ./Core/Src/main.o
 .debug_macro   0x0001bd34      0x170 ./Core/Src/main.o
 .debug_macro   0x0001bea4      0x115 ./Core/Src/main.o
 .debug_macro   0x0001bfb9      0x108 ./Core/Src/main.o
 .debug_macro   0x0001c0c1       0xa5 ./Core/Src/main.o
 .debug_macro   0x0001c166      0x16a ./Core/Src/main.o
 .debug_macro   0x0001c2d0      0x287 ./Core/Src/main.o
 .debug_macro   0x0001c557       0x5f ./Core/Src/main.o
 .debug_macro   0x0001c5b6      0x236 ./Core/Src/main.o
 .debug_macro   0x0001c7ec      0x126 ./Core/Src/main.o
 .debug_macro   0x0001c912      0x216 ./Core/Src/main.o
 .debug_macro   0x0001cb28       0x2e ./Core/Src/main.o
 .debug_macro   0x0001cb56      0x113 ./Core/Src/main.o
 .debug_macro   0x0001cc69       0x22 ./Core/Src/main.o
 .debug_macro   0x0001cc8b       0x82 ./Core/Src/main.o
 .debug_macro   0x0001cd0d      0x8ed ./Core/Src/main.o
 .debug_macro   0x0001d5fa       0x4c ./Core/Src/main.o
 .debug_macro   0x0001d646      0x12d ./Core/Src/main.o
 .debug_macro   0x0001d773      0x13c ./Core/Src/main.o
 .debug_macro   0x0001d8af      0x1cc ./Core/Src/stm32f2xx_hal_msp.o
 .debug_macro   0x0001da7b      0x1d6 ./Core/Src/stm32f2xx_it.o
 .debug_macro   0x0001dc51      0x1bd ./Core/Src/system_stm32f2xx.o
 .debug_macro   0x0001de0e      0x20b ./Drivers/STM32F2xx_HAL_Driver/Src/stm32f2xx_hal.o
 .debug_macro   0x0001e019      0x1bd ./Drivers/STM32F2xx_HAL_Driver/Src/stm32f2xx_hal_cortex.o
 .debug_macro   0x0001e1d6      0x1c4 ./Drivers/STM32F2xx_HAL_Driver/Src/stm32f2xx_hal_gpio.o
 .debug_macro   0x0001e39a      0x1e7 ./Drivers/STM32F2xx_HAL_Driver/Src/stm32f2xx_hal_rcc.o
 .debug_macro   0x0001e581      0x1be ./Drivers/STM32F2xx_HAL_Driver/Src/stm32f2xx_hal_tim.o
 .debug_macro   0x0001e73f      0x1bd ./Drivers/STM32F2xx_HAL_Driver/Src/stm32f2xx_hal_tim_ex.o

.debug_line     0x00000000     0xa474
 .debug_line    0x00000000      0x9d7 ./Core/Src/main.o
 .debug_line    0x000009d7      0x7bd ./Core/Src/stm32f2xx_hal_msp.o
 .debug_line    0x00001194      0x7d8 ./Core/Src/stm32f2xx_it.o
 .debug_line    0x0000196c      0x792 ./Core/Src/system_stm32f2xx.o
 .debug_line    0x000020fe       0x7a ./Core/Startup/startup_stm32f207zgtx.o
 .debug_line    0x00002178      0xa2f ./Drivers/STM32F2xx_HAL_Driver/Src/stm32f2xx_hal.o
 .debug_line    0x00002ba7      0xcda ./Drivers/STM32F2xx_HAL_Driver/Src/stm32f2xx_hal_cortex.o
 .debug_line    0x00003881      0xb95 ./Drivers/STM32F2xx_HAL_Driver/Src/stm32f2xx_hal_gpio.o
 .debug_line    0x00004416      0xec0 ./Drivers/STM32F2xx_HAL_Driver/Src/stm32f2xx_hal_rcc.o
 .debug_line    0x000052d6     0x37a7 ./Drivers/STM32F2xx_HAL_Driver/Src/stm32f2xx_hal_tim.o
 .debug_line    0x00008a7d     0x19f7 ./Drivers/STM32F2xx_HAL_Driver/Src/stm32f2xx_hal_tim_ex.o

.debug_str      0x00000000    0xbcd44
 .debug_str     0x00000000    0xba8a8 ./Core/Src/main.o
                              0xbac09 (size before relaxing)
 .debug_str     0x000ba8a8       0x67 ./Core/Src/stm32f2xx_hal_msp.o
                              0xba709 (size before relaxing)
 .debug_str     0x000ba90f       0xc9 ./Core/Src/stm32f2xx_it.o
                              0xba083 (size before relaxing)
 .debug_str     0x000ba9d8       0x87 ./Core/Src/system_stm32f2xx.o
                              0xb9c71 (size before relaxing)
 .debug_str     0x000baa5f       0x44 ./Core/Startup/startup_stm32f207zgtx.o
                                 0x86 (size before relaxing)
 .debug_str     0x000baaa3      0xa6c ./Drivers/STM32F2xx_HAL_Driver/Src/stm32f2xx_hal.o
                              0xba7bd (size before relaxing)
 .debug_str     0x000bb50f      0x3d4 ./Drivers/STM32F2xx_HAL_Driver/Src/stm32f2xx_hal_cortex.o
                              0xba5b4 (size before relaxing)
 .debug_str     0x000bb8e3      0x12f ./Drivers/STM32F2xx_HAL_Driver/Src/stm32f2xx_hal_gpio.o
                              0xb9e2f (size before relaxing)
 .debug_str     0x000bba12      0x25c ./Drivers/STM32F2xx_HAL_Driver/Src/stm32f2xx_hal_rcc.o
                              0xba123 (size before relaxing)
 .debug_str     0x000bbc6e      0xcf5 ./Drivers/STM32F2xx_HAL_Driver/Src/stm32f2xx_hal_tim.o
                              0xbb04f (size before relaxing)
 .debug_str     0x000bc963      0x3e1 ./Drivers/STM32F2xx_HAL_Driver/Src/stm32f2xx_hal_tim_ex.o
                              0xba85b (size before relaxing)

.comment        0x00000000       0x43
 .comment       0x00000000       0x43 ./Core/Src/main.o
                                 0x44 (size before relaxing)
 .comment       0x00000043       0x44 ./Core/Src/stm32f2xx_hal_msp.o
 .comment       0x00000043       0x44 ./Core/Src/stm32f2xx_it.o
 .comment       0x00000043       0x44 ./Core/Src/system_stm32f2xx.o
 .comment       0x00000043       0x44 ./Drivers/STM32F2xx_HAL_Driver/Src/stm32f2xx_hal.o
 .comment       0x00000043       0x44 ./Drivers/STM32F2xx_HAL_Driver/Src/stm32f2xx_hal_cortex.o
 .comment       0x00000043       0x44 ./Drivers/STM32F2xx_HAL_Driver/Src/stm32f2xx_hal_gpio.o
 .comment       0x00000043       0x44 ./Drivers/STM32F2xx_HAL_Driver/Src/stm32f2xx_hal_rcc.o
 .comment       0x00000043       0x44 ./Drivers/STM32F2xx_HAL_Driver/Src/stm32f2xx_hal_tim.o
 .comment       0x00000043       0x44 ./Drivers/STM32F2xx_HAL_Driver/Src/stm32f2xx_hal_tim_ex.o

.debug_frame    0x00000000     0x2748
 .debug_frame   0x00000000       0xdc ./Core/Src/main.o
 .debug_frame   0x000000dc       0xac ./Core/Src/stm32f2xx_hal_msp.o
 .debug_frame   0x00000188      0x104 ./Core/Src/stm32f2xx_it.o
 .debug_frame   0x0000028c       0x58 ./Core/Src/system_stm32f2xx.o
 .debug_frame   0x000002e4      0x384 ./Drivers/STM32F2xx_HAL_Driver/Src/stm32f2xx_hal.o
 .debug_frame   0x00000668      0x4e8 ./Drivers/STM32F2xx_HAL_Driver/Src/stm32f2xx_hal_cortex.o
 .debug_frame   0x00000b50      0x14c ./Drivers/STM32F2xx_HAL_Driver/Src/stm32f2xx_hal_gpio.o
 .debug_frame   0x00000c9c      0x208 ./Drivers/STM32F2xx_HAL_Driver/Src/stm32f2xx_hal_rcc.o
 .debug_frame   0x00000ea4     0x11c0 ./Drivers/STM32F2xx_HAL_Driver/Src/stm32f2xx_hal_tim.o
 .debug_frame   0x00002064      0x638 ./Drivers/STM32F2xx_HAL_Driver/Src/stm32f2xx_hal_tim_ex.o
 .debug_frame   0x0000269c       0x20 C:/ST/STM32CubeIDE_1.16.1/STM32CubeIDE/plugins/com.st.stm32cube.ide.mcu.externaltools.gnu-tools-for-stm32.12.3.rel1.win32_1.0.200.202406191623/tools/bin/../lib/gcc/arm-none-eabi/12.3.1/../../../../arm-none-eabi/lib/thumb/v7-m/nofp\libc_nano.a(libc_a-memset.o)
 .debug_frame   0x000026bc       0x2c C:/ST/STM32CubeIDE_1.16.1/STM32CubeIDE/plugins/com.st.stm32cube.ide.mcu.externaltools.gnu-tools-for-stm32.12.3.rel1.win32_1.0.200.202406191623/tools/bin/../lib/gcc/arm-none-eabi/12.3.1/../../../../arm-none-eabi/lib/thumb/v7-m/nofp\libc_nano.a(libc_a-init.o)
 .debug_frame   0x000026e8       0x2c C:/ST/STM32CubeIDE_1.16.1/STM32CubeIDE/plugins/com.st.stm32cube.ide.mcu.externaltools.gnu-tools-for-stm32.12.3.rel1.win32_1.0.200.202406191623/tools/bin/../lib/gcc/arm-none-eabi/12.3.1/thumb/v7-m/nofp\libgcc.a(_aeabi_uldivmod.o)
 .debug_frame   0x00002714       0x34 C:/ST/STM32CubeIDE_1.16.1/STM32CubeIDE/plugins/com.st.stm32cube.ide.mcu.externaltools.gnu-tools-for-stm32.12.3.rel1.win32_1.0.200.202406191623/tools/bin/../lib/gcc/arm-none-eabi/12.3.1/thumb/v7-m/nofp\libgcc.a(_udivmoddi4.o)

.debug_line_str
                0x00000000       0x6a
 .debug_line_str
                0x00000000       0x6a ./Core/Startup/startup_stm32f207zgtx.o
