../Drivers/STM32F2xx_HAL_Driver/Src/stm32f2xx_hal_pwr.c:91:6:HAL_PWR_DeInit	0	static
../Drivers/STM32F2xx_HAL_Driver/Src/stm32f2xx_hal_pwr.c:104:6:HAL_PWR_EnableBkUpAccess	0	static,ignoring_inline_asm
../Drivers/STM32F2xx_HAL_Driver/Src/stm32f2xx_hal_pwr.c:116:6:HAL_PWR_DisableBkUpAccess	0	static,ignoring_inline_asm
../Drivers/STM32F2xx_HAL_Driver/Src/stm32f2xx_hal_pwr.c:249:6:HAL_PWR_ConfigPVD	0	static
../Drivers/STM32F2xx_HAL_Driver/Src/stm32f2xx_hal_pwr.c:292:6:HAL_PWR_EnablePVD	0	static,ignoring_inline_asm
../Drivers/STM32F2xx_HAL_Driver/Src/stm32f2xx_hal_pwr.c:301:6:HAL_PWR_DisablePVD	0	static,ignoring_inline_asm
../Drivers/STM32F2xx_HAL_Driver/Src/stm32f2xx_hal_pwr.c:313:6:HAL_PWR_EnableWakeUpPin	0	static
../Drivers/STM32F2xx_HAL_Driver/Src/stm32f2xx_hal_pwr.c:329:6:HAL_PWR_DisableWakeUpPin	0	static
../Drivers/STM32F2xx_HAL_Driver/Src/stm32f2xx_hal_pwr.c:358:6:HAL_PWR_EnterSLEEPMode	0	static,ignoring_inline_asm
../Drivers/STM32F2xx_HAL_Driver/Src/stm32f2xx_hal_pwr.c:404:6:HAL_PWR_EnterSTOPMode	0	static,ignoring_inline_asm
../Drivers/STM32F2xx_HAL_Driver/Src/stm32f2xx_hal_pwr.c:443:6:HAL_PWR_EnterSTANDBYMode	0	static,ignoring_inline_asm
../Drivers/STM32F2xx_HAL_Driver/Src/stm32f2xx_hal_pwr.c:481:13:HAL_PWR_PVDCallback	0	static
../Drivers/STM32F2xx_HAL_Driver/Src/stm32f2xx_hal_pwr.c:464:6:HAL_PWR_PVD_IRQHandler	8	static
../Drivers/STM32F2xx_HAL_Driver/Src/stm32f2xx_hal_pwr.c:496:6:HAL_PWR_EnableSleepOnExit	0	static
../Drivers/STM32F2xx_HAL_Driver/Src/stm32f2xx_hal_pwr.c:508:6:HAL_PWR_DisableSleepOnExit	0	static
../Drivers/STM32F2xx_HAL_Driver/Src/stm32f2xx_hal_pwr.c:520:6:HAL_PWR_EnableSEVOnPend	0	static
../Drivers/STM32F2xx_HAL_Driver/Src/stm32f2xx_hal_pwr.c:532:6:HAL_PWR_DisableSEVOnPend	0	static
